// Jest Snapshot v1, https://goo.gl/fbAQLP

exports[`<AuthPage /> renders as expected 1`] = `undefined`;
